===== CUDA =====
vectorised: true
inputs:     [f32[64]]
outputs:    [f32[64], f32[64], f32[64], f32[64], f32[64], f32[64], f32[64], f32[64], f32[64], f32[64], f32[64], f32[64], f32[64], f32[64], f32[64], f32[64], f32[64], f32[64], f32[64], f32[64]]
args:       [(0, true), (0, false), (1, false), (2, false), (3, false), (4, false), (5, false), (6, false), (7, false), (8, false), (9, false), (10, false), (11, false), (12, false), (13, false), (14, false), (15, false), (16, false), (17, false), (18, false), (19, false)]
zeroed:     {}
launch:     grid 1x1x1, block 256, smem 0

extern "C" __global__ void every_unary(float* n2, float* n4, float* n6, float* n8, float* n10, float* n12, float* n14, float* n16, float* n18, float* n20, float* n22, float* n24, float* n26, float* n28, float* n30, float* n32, float* n34, float* n36, float* n38, float* n40, float* n42) {
    const int idx_in_grid = blockIdx.x + blockIdx.y * gridDim.x + blockIdx.z * gridDim.x * gridDim.y;
    const int n0 = idx_in_grid * blockDim.x + threadIdx.x;
    if (n0 >= (16)) return;
    const float4 n44 = reinterpret_cast<float4*>(n2)[n0];
    reinterpret_cast<float4*>(n4)[n0] = n44;
    float4 n49;
    n49.x = sinf(n44.x);
    n49.y = sinf(n44.y);
    n49.z = sinf(n44.z);
    n49.w = sinf(n44.w);
    reinterpret_cast<float4*>(n6)[n0] = n49;
    float4 n54;
    n54.x = cosf(n44.x);
    n54.y = cosf(n44.y);
    n54.z = cosf(n44.z);
    n54.w = cosf(n44.w);
    reinterpret_cast<float4*>(n8)[n0] = n54;
    float4 n59;
    n59.x = tanf(n44.x);
    n59.y = tanf(n44.y);
    n59.z = tanf(n44.z);
    n59.w = tanf(n44.w);
    reinterpret_cast<float4*>(n10)[n0] = n59;
    float4 n64;
    n64.x = sinhf(n44.x);
    n64.y = sinhf(n44.y);
    n64.z = sinhf(n44.z);
    n64.w = sinhf(n44.w);
    reinterpret_cast<float4*>(n12)[n0] = n64;
    float4 n69;
    n69.x = coshf(n44.x);
    n69.y = coshf(n44.y);
    n69.z = coshf(n44.z);
    n69.w = coshf(n44.w);
    reinterpret_cast<float4*>(n14)[n0] = n69;
    float4 n74;
    n74.x = tanhf(n44.x);
    n74.y = tanhf(n44.y);
    n74.z = tanhf(n44.z);
    n74.w = tanhf(n44.w);
    reinterpret_cast<float4*>(n16)[n0] = n74;
    float4 n79;
    n79.x = expf(n44.x);
    n79.y = expf(n44.y);
    n79.z = expf(n44.z);
    n79.w = expf(n44.w);
    reinterpret_cast<float4*>(n18)[n0] = n79;
    float4 n84;
    n84.x = logf(n44.x);
    n84.y = logf(n44.y);
    n84.z = logf(n44.z);
    n84.w = logf(n44.w);
    reinterpret_cast<float4*>(n20)[n0] = n84;
    float4 n89;
    n89.x = n44.x == float(0) ? float(0) : n44.x > float(0) ? float(1) : float(-1);
    n89.y = n44.y == float(0) ? float(0) : n44.y > float(0) ? float(1) : float(-1);
    n89.z = n44.z == float(0) ? float(0) : n44.z > float(0) ? float(1) : float(-1);
    n89.w = n44.w == float(0) ? float(0) : n44.w > float(0) ? float(1) : float(-1);
    reinterpret_cast<float4*>(n22)[n0] = n89;
    float4 n94;
    n94.x = abs(n44.x);
    n94.y = abs(n44.y);
    n94.z = abs(n44.z);
    n94.w = abs(n44.w);
    reinterpret_cast<float4*>(n24)[n0] = n94;
    float4 n99;
    n99.x = sqrtf(n44.x);
    n99.y = sqrtf(n44.y);
    n99.z = sqrtf(n44.z);
    n99.w = sqrtf(n44.w);
    reinterpret_cast<float4*>(n26)[n0] = n99;
    float4 n104;
    n104.x = 1.0F / n44.x;
    n104.y = 1.0F / n44.y;
    n104.z = 1.0F / n44.z;
    n104.w = 1.0F / n44.w;
    reinterpret_cast<float4*>(n28)[n0] = n104;
    int4 n109;
    n109.x = static_cast<int>(n44.x);
    n109.y = static_cast<int>(n44.y);
    n109.z = static_cast<int>(n44.z);
    n109.w = static_cast<int>(n44.w);
    float4 n111;
    n111.x = static_cast<float>(n109.x);
    n111.y = static_cast<float>(n109.y);
    n111.z = static_cast<float>(n109.z);
    n111.w = static_cast<float>(n109.w);
    reinterpret_cast<float4*>(n30)[n0] = n111;
    float4 n116;
    n116.x = static_cast<float>(n44.x);
    n116.y = static_cast<float>(n44.y);
    n116.z = static_cast<float>(n44.z);
    n116.w = static_cast<float>(n44.w);
    reinterpret_cast<float4*>(n32)[n0] = n116;
    float4 n121;
    n121.x = n44.x > static_cast<float>(0);
    n121.y = n44.y > static_cast<float>(0);
    n121.z = n44.z > static_cast<float>(0);
    n121.w = n44.w > static_cast<float>(0);
    reinterpret_cast<float4*>(n34)[n0] = n121;
    float4 n126;
    n126.x = n44.x == static_cast<float>(0);
    n126.y = n44.y == static_cast<float>(0);
    n126.z = n44.z == static_cast<float>(0);
    n126.w = n44.w == static_cast<float>(0);
    reinterpret_cast<float4*>(n36)[n0] = n126;
    float4 n131;
    n131.x = n44.x >= static_cast<float>(0);
    n131.y = n44.y >= static_cast<float>(0);
    n131.z = n44.z >= static_cast<float>(0);
    n131.w = n44.w >= static_cast<float>(0);
    reinterpret_cast<float4*>(n38)[n0] = n131;
    float4 n136;
    n136.x = roundf(n44.x);
    n136.y = roundf(n44.y);
    n136.z = roundf(n44.z);
    n136.w = roundf(n44.w);
    reinterpret_cast<float4*>(n40)[n0] = n136;
    float4 n141;
    n141.x = truncf(n44.x);
    n141.y = truncf(n44.y);
    n141.z = truncf(n44.z);
    n141.w = truncf(n44.w);
    reinterpret_cast<float4*>(n42)[n0] = n141;
}

===== ROCm =====
vectorised: true
inputs:     [f32[64]]
outputs:    [f32[64], f32[64], f32[64], f32[64], f32[64], f32[64], f32[64], f32[64], f32[64], f32[64], f32[64], f32[64], f32[64], f32[64], f32[64], f32[64], f32[64], f32[64], f32[64], f32[64]]
args:       [(0, true), (0, false), (1, false), (2, false), (3, false), (4, false), (5, false), (6, false), (7, false), (8, false), (9, false), (10, false), (11, false), (12, false), (13, false), (14, false), (15, false), (16, false), (17, false), (18, false), (19, false)]
zeroed:     {}
launch:     grid 1x1x1, block 256, smem 0

extern "C" __global__ void every_unary(float* n2, float* n4, float* n6, float* n8, float* n10, float* n12, float* n14, float* n16, float* n18, float* n20, float* n22, float* n24, float* n26, float* n28, float* n30, float* n32, float* n34, float* n36, float* n38, float* n40, float* n42) {
    const int idx_in_grid = blockIdx.x + blockIdx.y * gridDim.x + blockIdx.z * gridDim.x * gridDim.y;
    const int n0 = idx_in_grid * blockDim.x + threadIdx.x;
    if (n0 >= (16)) return;
    const float4 n44 = reinterpret_cast<float4*>(n2)[n0];
    reinterpret_cast<float4*>(n4)[n0] = n44;
    float4 n49;
    n49.x = sinf(n44.x);
    n49.y = sinf(n44.y);
    n49.z = sinf(n44.z);
    n49.w = sinf(n44.w);
    reinterpret_cast<float4*>(n6)[n0] = n49;
    float4 n54;
    n54.x = cosf(n44.x);
    n54.y = cosf(n44.y);
    n54.z = cosf(n44.z);
    n54.w = cosf(n44.w);
    reinterpret_cast<float4*>(n8)[n0] = n54;
    float4 n59;
    n59.x = tanf(n44.x);
    n59.y = tanf(n44.y);
    n59.z = tanf(n44.z);
    n59.w = tanf(n44.w);
    reinterpret_cast<float4*>(n10)[n0] = n59;
    float4 n64;
    n64.x = sinhf(n44.x);
    n64.y = sinhf(n44.y);
    n64.z = sinhf(n44.z);
    n64.w = sinhf(n44.w);
    reinterpret_cast<float4*>(n12)[n0] = n64;
    float4 n69;
    n69.x = coshf(n44.x);
    n69.y = coshf(n44.y);
    n69.z = coshf(n44.z);
    n69.w = coshf(n44.w);
    reinterpret_cast<float4*>(n14)[n0] = n69;
    float4 n74;
    n74.x = tanhf(n44.x);
    n74.y = tanhf(n44.y);
    n74.z = tanhf(n44.z);
    n74.w = tanhf(n44.w);
    reinterpret_cast<float4*>(n16)[n0] = n74;
    float4 n79;
    n79.x = expf(n44.x);
    n79.y = expf(n44.y);
    n79.z = expf(n44.z);
    n79.w = expf(n44.w);
    reinterpret_cast<float4*>(n18)[n0] = n79;
    float4 n84;
    n84.x = logf(n44.x);
    n84.y = logf(n44.y);
    n84.z = logf(n44.z);
    n84.w = logf(n44.w);
    reinterpret_cast<float4*>(n20)[n0] = n84;
    float4 n89;
    n89.x = n44.x == float(0) ? float(0) : n44.x > float(0) ? float(1) : float(-1);
    n89.y = n44.y == float(0) ? float(0) : n44.y > float(0) ? float(1) : float(-1);
    n89.z = n44.z == float(0) ? float(0) : n44.z > float(0) ? float(1) : float(-1);
    n89.w = n44.w == float(0) ? float(0) : n44.w > float(0) ? float(1) : float(-1);
    reinterpret_cast<float4*>(n22)[n0] = n89;
    float4 n94;
    n94.x = abs(n44.x);
    n94.y = abs(n44.y);
    n94.z = abs(n44.z);
    n94.w = abs(n44.w);
    reinterpret_cast<float4*>(n24)[n0] = n94;
    float4 n99;
    n99.x = sqrtf(n44.x);
    n99.y = sqrtf(n44.y);
    n99.z = sqrtf(n44.z);
    n99.w = sqrtf(n44.w);
    reinterpret_cast<float4*>(n26)[n0] = n99;
    float4 n104;
    n104.x = 1.0F / n44.x;
    n104.y = 1.0F / n44.y;
    n104.z = 1.0F / n44.z;
    n104.w = 1.0F / n44.w;
    reinterpret_cast<float4*>(n28)[n0] = n104;
    int4 n109;
    n109.x = static_cast<int>(n44.x);
    n109.y = static_cast<int>(n44.y);
    n109.z = static_cast<int>(n44.z);
    n109.w = static_cast<int>(n44.w);
    float4 n111;
    n111.x = static_cast<float>(n109.x);
    n111.y = static_cast<float>(n109.y);
    n111.z = static_cast<float>(n109.z);
    n111.w = static_cast<float>(n109.w);
    reinterpret_cast<float4*>(n30)[n0] = n111;
    float4 n116;
    n116.x = static_cast<float>(n44.x);
    n116.y = static_cast<float>(n44.y);
    n116.z = static_cast<float>(n44.z);
    n116.w = static_cast<float>(n44.w);
    reinterpret_cast<float4*>(n32)[n0] = n116;
    float4 n121;
    n121.x = n44.x > static_cast<float>(0);
    n121.y = n44.y > static_cast<float>(0);
    n121.z = n44.z > static_cast<float>(0);
    n121.w = n44.w > static_cast<float>(0);
    reinterpret_cast<float4*>(n34)[n0] = n121;
    float4 n126;
    n126.x = n44.x == static_cast<float>(0);
    n126.y = n44.y == static_cast<float>(0);
    n126.z = n44.z == static_cast<float>(0);
    n126.w = n44.w == static_cast<float>(0);
    reinterpret_cast<float4*>(n36)[n0] = n126;
    float4 n131;
    n131.x = n44.x >= static_cast<float>(0);
    n131.y = n44.y >= static_cast<float>(0);
    n131.z = n44.z >= static_cast<float>(0);
    n131.w = n44.w >= static_cast<float>(0);
    reinterpret_cast<float4*>(n38)[n0] = n131;
    float4 n136;
    n136.x = roundf(n44.x);
    n136.y = roundf(n44.y);
    n136.z = roundf(n44.z);
    n136.w = roundf(n44.w);
    reinterpret_cast<float4*>(n40)[n0] = n136;
    float4 n141;
    n141.x = truncf(n44.x);
    n141.y = truncf(n44.y);
    n141.z = truncf(n44.z);
    n141.w = truncf(n44.w);
    reinterpret_cast<float4*>(n42)[n0] = n141;
}

===== Metal =====
vectorised: true
inputs:     [f32[64]]
outputs:    [f32[64], f32[64], f32[64], f32[64], f32[64], f32[64], f32[64], f32[64], f32[64], f32[64], f32[64], f32[64], f32[64], f32[64], f32[64], f32[64], f32[64], f32[64], f32[64], f32[64]]
args:       [(0, true), (0, false), (1, false), (2, false), (3, false), (4, false), (5, false), (6, false), (7, false), (8, false), (9, false), (10, false), (11, false), (12, false), (13, false), (14, false), (15, false), (16, false), (17, false), (18, false), (19, false)]
zeroed:     {}
launch:     grid 1x1x1, block 256, smem 0

#include <metal_stdlib>
using namespace metal;

kernel void every_unary(device float* n2 [[buffer(0)]], device float* n4 [[buffer(1)]], device float* n6 [[buffer(2)]], device float* n8 [[buffer(3)]], device float* n10 [[buffer(4)]], device float* n12 [[buffer(5)]], device float* n14 [[buffer(6)]], device float* n16 [[buffer(7)]], device float* n18 [[buffer(8)]], device float* n20 [[buffer(9)]], device float* n22 [[buffer(10)]], device float* n24 [[buffer(11)]], device float* n26 [[buffer(12)]], device float* n28 [[buffer(13)]], device float* n30 [[buffer(14)]], device float* n32 [[buffer(15)]], device float* n34 [[buffer(16)]], device float* n36 [[buffer(17)]], device float* n38 [[buffer(18)]], device float* n40 [[buffer(19)]], device float* n42 [[buffer(20)]], uint metal_tid [[thread_position_in_grid]]) {
    const int n0 = static_cast<int>(metal_tid);
    if (n0 >= (16)) return;
    const float4 n44 = reinterpret_cast<device float4*>(n2)[n0];
    reinterpret_cast<device float4*>(n4)[n0] = n44;
    float4 n49;
    n49.x = sin(n44.x);
    n49.y = sin(n44.y);
    n49.z = sin(n44.z);
    n49.w = sin(n44.w);
    reinterpret_cast<device float4*>(n6)[n0] = n49;
    float4 n54;
    n54.x = cos(n44.x);
    n54.y = cos(n44.y);
    n54.z = cos(n44.z);
    n54.w = cos(n44.w);
    reinterpret_cast<device float4*>(n8)[n0] = n54;
    float4 n59;
    n59.x = tan(n44.x);
    n59.y = tan(n44.y);
    n59.z = tan(n44.z);
    n59.w = tan(n44.w);
    reinterpret_cast<device float4*>(n10)[n0] = n59;
    float4 n64;
    n64.x = sinh(n44.x);
    n64.y = sinh(n44.y);
    n64.z = sinh(n44.z);
    n64.w = sinh(n44.w);
    reinterpret_cast<device float4*>(n12)[n0] = n64;
    float4 n69;
    n69.x = cosh(n44.x);
    n69.y = cosh(n44.y);
    n69.z = cosh(n44.z);
    n69.w = cosh(n44.w);
    reinterpret_cast<device float4*>(n14)[n0] = n69;
    float4 n74;
    n74.x = tanh(n44.x);
    n74.y = tanh(n44.y);
    n74.z = tanh(n44.z);
    n74.w = tanh(n44.w);
    reinterpret_cast<device float4*>(n16)[n0] = n74;
    float4 n79;
    n79.x = exp(n44.x);
    n79.y = exp(n44.y);
    n79.z = exp(n44.z);
    n79.w = exp(n44.w);
    reinterpret_cast<device float4*>(n18)[n0] = n79;
    float4 n84;
    n84.x = log(n44.x);
    n84.y = log(n44.y);
    n84.z = log(n44.z);
    n84.w = log(n44.w);
    reinterpret_cast<device float4*>(n20)[n0] = n84;
    float4 n89;
    n89.x = n44.x == float(0) ? float(0) : n44.x > float(0) ? float(1) : float(-1);
    n89.y = n44.y == float(0) ? float(0) : n44.y > float(0) ? float(1) : float(-1);
    n89.z = n44.z == float(0) ? float(0) : n44.z > float(0) ? float(1) : float(-1);
    n89.w = n44.w == float(0) ? float(0) : n44.w > float(0) ? float(1) : float(-1);
    reinterpret_cast<device float4*>(n22)[n0] = n89;
    float4 n94;
    n94.x = abs(n44.x);
    n94.y = abs(n44.y);
    n94.z = abs(n44.z);
    n94.w = abs(n44.w);
    reinterpret_cast<device float4*>(n24)[n0] = n94;
    float4 n99;
    n99.x = sqrt(n44.x);
    n99.y = sqrt(n44.y);
    n99.z = sqrt(n44.z);
    n99.w = sqrt(n44.w);
    reinterpret_cast<device float4*>(n26)[n0] = n99;
    float4 n104;
    n104.x = 1.0F / n44.x;
    n104.y = 1.0F / n44.y;
    n104.z = 1.0F / n44.z;
    n104.w = 1.0F / n44.w;
    reinterpret_cast<device float4*>(n28)[n0] = n104;
    int4 n109;
    n109.x = static_cast<int>(n44.x);
    n109.y = static_cast<int>(n44.y);
    n109.z = static_cast<int>(n44.z);
    n109.w = static_cast<int>(n44.w);
    float4 n111;
    n111.x = static_cast<float>(n109.x);
    n111.y = static_cast<float>(n109.y);
    n111.z = static_cast<float>(n109.z);
    n111.w = static_cast<float>(n109.w);
    reinterpret_cast<device float4*>(n30)[n0] = n111;
    float4 n116;
    n116.x = static_cast<float>(n44.x);
    n116.y = static_cast<float>(n44.y);
    n116.z = static_cast<float>(n44.z);
    n116.w = static_cast<float>(n44.w);
    reinterpret_cast<device float4*>(n32)[n0] = n116;
    float4 n121;
    n121.x = n44.x > static_cast<float>(0);
    n121.y = n44.y > static_cast<float>(0);
    n121.z = n44.z > static_cast<float>(0);
    n121.w = n44.w > static_cast<float>(0);
    reinterpret_cast<device float4*>(n34)[n0] = n121;
    float4 n126;
    n126.x = n44.x == static_cast<float>(0);
    n126.y = n44.y == static_cast<float>(0);
    n126.z = n44.z == static_cast<float>(0);
    n126.w = n44.w == static_cast<float>(0);
    reinterpret_cast<device float4*>(n36)[n0] = n126;
    float4 n131;
    n131.x = n44.x >= static_cast<float>(0);
    n131.y = n44.y >= static_cast<float>(0);
    n131.z = n44.z >= static_cast<float>(0);
    n131.w = n44.w >= static_cast<float>(0);
    reinterpret_cast<device float4*>(n38)[n0] = n131;
    float4 n136;
    n136.x = round(n44.x);
    n136.y = round(n44.y);
    n136.z = round(n44.z);
    n136.w = round(n44.w);
    reinterpret_cast<device float4*>(n40)[n0] = n136;
    float4 n141;
    n141.x = trunc(n44.x);
    n141.y = trunc(n44.y);
    n141.z = trunc(n44.z);
    n141.w = trunc(n44.w);
    reinterpret_cast<device float4*>(n42)[n0] = n141;
}

